<html>
<body>
<pre>
<h1>µVision Build Log</h1>
<h2>Project:</h2>
C:\Users\Umesh\Desktop\INTERRUPT_LPC2148\INTERRUPTLPC2148.uvproj
Project File Date:  10/10/2016

<h2>Output:</h2>
Rebuild target 'INTERRUPTLPC2148'
assembling Startup.s...
compiling main.c...
linking...
Program Size: Code=980 RO-data=16 RW-data=0 ZI-data=1256  
FromELF: creating hex file...
".\INTERRUPTLPC2148.axf" - 0 Error(s), 0 Warning(s).
</pre>
</body>
</html>
: creating hex file...
".\INTERRUPTLPC2148.axf" - 0 Error(s), 1 Warning(s).
